// Jest Snapshot v1, https://goo.gl/fbAQLP

exports[`Home component Should_MatchSnapshot 1`] = `
<div>
  <div
    class="container"
  />
</div>
`;
