// Jest Snapshot v1, https://goo.gl/fbAQLP

exports[`CheckoutItem component Should_MatchSnapshot 1`] = `
<div>
  <div
    class="container"
  >
    <div
      class="image-container"
    >
      <img
        alt="Hoodie"
        src="hoodie.png"
      />
    </div>
    <span
      aria-label="name"
      class="name"
    >
      Hoodie
    </span>
    <span
      class="quantity"
    >
      <div
        aria-label="dec-btn"
        class="arrow"
      >
        <svg
          fill="currentColor"
          height="1em"
          stroke="currentColor"
          stroke-width="0"
          viewBox="0 0 320 512"
          width="1em"
          xmlns="http://www.w3.org/2000/svg"
        >
          <path
            d="M34.52 239.03L228.87 44.69c9.37-9.37 24.57-9.37 33.94 0l22.67 22.67c9.36 9.36 9.37 24.52.04 33.9L131.49 256l154.02 154.75c9.34 9.38 9.32 24.54-.04 33.9l-22.67 22.67c-9.37 9.37-24.57 9.37-33.94 0L34.52 272.97c-9.37-9.37-9.37-24.57 0-33.94z"
          />
        </svg>
      </div>
      <span
        class="value"
      >
        1
      </span>
      <div
        aria-label="inc-btn"
        class="arrow"
      >
        <svg
          fill="currentColor"
          height="1em"
          stroke="currentColor"
          stroke-width="0"
          viewBox="0 0 320 512"
          width="1em"
          xmlns="http://www.w3.org/2000/svg"
        >
          <path
            d="M285.476 272.971L91.132 467.314c-9.373 9.373-24.569 9.373-33.941 0l-22.667-22.667c-9.357-9.357-9.375-24.522-.04-33.901L188.505 256 34.484 101.255c-9.335-9.379-9.317-24.544.04-33.901l22.667-22.667c9.373-9.373 24.569-9.373 33.941 0L285.475 239.03c9.373 9.372 9.373 24.568.001 33.941z"
          />
        </svg>
      </div>
    </span>
    <span
      class="price"
    >
      $
      250
    </span>
    <div
      aria-label="del-btn"
      class="remove-button"
    >
      <svg
        fill="currentColor"
        height="1em"
        stroke="currentColor"
        stroke-width="0"
        viewBox="0 0 512 512"
        width="1em"
        xmlns="http://www.w3.org/2000/svg"
      >
        <path
          d="M289.94 256l95-95A24 24 0 00351 127l-95 95-95-95a24 24 0 00-34 34l95 95-95 95a24 24 0 1034 34l95-95 95 95a24 24 0 0034-34z"
        />
      </svg>
    </div>
  </div>
</div>
`;
