// Jest Snapshot v1, https://goo.gl/fbAQLP

exports[`Category component Should_MatchSnapshot 1`] = `
<div>
  <div
    class="container"
  >
    <h2
      class="title"
    />
    <div
      class="products"
    />
  </div>
</div>
`;
