// Jest Snapshot v1, https://goo.gl/fbAQLP

exports[`Spinner component Should_MatchSnapshot 1`] = `
<div>
  <div
    class="overlay"
  >
    <div
      class="container"
    />
  </div>
</div>
`;
